[www.okler.net/previews/porto-admin/4.0.0/layouts-default.html]
[backblue.gif]
[fade.gif]
[index.html]
[www.okler.net/previews/porto-admin/4.0.0/vendor/bootstrap/css/bootstrap.css]
[www.okler.net/previews/porto-admin/4.0.0/vendor/animate/animate.compat.css]
[www.okler.net/previews/porto-admin/4.0.0/vendor/font-awesome/css/all.min.css]
[www.okler.net/previews/porto-admin/4.0.0/vendor/boxicons/css/boxicons.min.css]
[www.okler.net/previews/porto-admin/4.0.0/vendor/magnific-popup/magnific-popup.css]
[www.okler.net/previews/porto-admin/4.0.0/vendor/bootstrap-datepicker/css/bootstrap-datepicker3.css]
[www.okler.net/previews/porto-admin/4.0.0/vendor/jquery-ui/jquery-ui.css]
[www.okler.net/previews/porto-admin/4.0.0/vendor/jquery-ui/jquery-ui.theme.css]
[www.okler.net/previews/porto-admin/4.0.0/vendor/bootstrap-multiselect/css/bootstrap-multiselect.css]
[www.okler.net/previews/porto-admin/4.0.0/vendor/morris/morris.css]
[www.okler.net/previews/porto-admin/4.0.0/css/theme.css]
[www.okler.net/previews/porto-admin/4.0.0/vendor/modernizr/modernizr.js]
[www.okler.net/previews/porto-admin/4.0.0/master/style-switcher/style.switcher.localstorage.js]
[www.okler.net/previews/porto-admin/4.0.0/img/logo.png]
[www.okler.net/previews/porto-admin/4.0.0/img/!sample-user.jpg]
[www.okler.net/previews/porto-admin/4.0.0/img/!logged-user.jpg]
[www.okler.net/previews/porto-admin/4.0.0/pages-user-profile.html]
[www.okler.net/previews/porto-admin/4.0.0/pages-signin.html]
[www.okler.net/previews/porto-admin/4.0.0/ecommerce-products-list.html]
[www.okler.net/previews/porto-admin/4.0.0/ecommerce-dashboard.html]
[www.okler.net/previews/porto-admin/4.0.0/ecommerce-products-form.html]
[www.okler.net/previews/porto-admin/4.0.0/ecommerce-category-list.html]
[www.okler.net/previews/porto-admin/4.0.0/ecommerce-category-form.html]
[www.okler.net/previews/porto-admin/4.0.0/ecommerce-coupons-list.html]
[www.okler.net/previews/porto-admin/4.0.0/ecommerce-coupons-form.html]
[www.okler.net/previews/porto-admin/4.0.0/ecommerce-orders-list.html]
[www.okler.net/previews/porto-admin/4.0.0/ecommerce-orders-detail.html]
[www.okler.net/previews/porto-admin/4.0.0/ecommerce-customers-list.html]
[www.okler.net/previews/porto-admin/4.0.0/ecommerce-customers-form.html]
[www.okler.net/previews/porto-admin/4.0.0/mailbox-folder.html]
[www.okler.net/previews/porto-admin/4.0.0/index.html]
[www.okler.net/previews/porto-admin/4.0.0/layouts-modern.html]
[www.okler.net/previews/porto-admin/4.0.0/layouts-boxed.html]
[www.okler.net/previews/porto-admin/4.0.0/layouts-boxed-fixed-header.html]
[www.okler.net/previews/porto-admin/4.0.0/layouts-header-menu.html]
[www.okler.net/previews/porto-admin/4.0.0/layouts-header-menu-stripe.html]
[www.okler.net/previews/porto-admin/4.0.0/layouts-header-menu-top-line.html]
[www.okler.net/previews/porto-admin/4.0.0/layouts-dark.html]
[www.okler.net/previews/porto-admin/4.0.0/layouts-dark-header.html]
[www.okler.net/previews/porto-admin/4.0.0/layouts-two-navigations.html]
[www.okler.net/previews/porto-admin/4.0.0/layouts-tab-navigation-dark.html]
[www.okler.net/previews/porto-admin/4.0.0/layouts-tab-navigation.html]
[www.okler.net/previews/porto-admin/4.0.0/layouts-tab-navigation-boxed.html]
[www.okler.net/previews/porto-admin/4.0.0/layouts-light-sidebar.html]
[www.okler.net/previews/porto-admin/4.0.0/layouts-left-sidebar-collapsed.html]
[www.okler.net/previews/porto-admin/4.0.0/layouts-left-sidebar-scroll.html]
[www.okler.net/previews/porto-admin/4.0.0/layouts-left-sidebar-big-icons.html]
[www.okler.net/previews/porto-admin/4.0.0/layouts-left-sidebar-big-icons-light.html]
[www.okler.net/previews/porto-admin/4.0.0/layouts-left-sidebar-panel.html]
[www.okler.net/previews/porto-admin/4.0.0/layouts-left-sidebar-panel-light.html]
[www.okler.net/previews/porto-admin/4.0.0/layouts-sidebar-sizes-xs.html]
[www.okler.net/previews/porto-admin/4.0.0/layouts-sidebar-sizes-sm.html]
[www.okler.net/previews/porto-admin/4.0.0/layouts-sidebar-sizes-md.html]
[www.okler.net/previews/porto-admin/4.0.0/layouts-square-borders.html]
[www.okler.net/previews/porto-admin/4.0.0/pages-signup.html]
[www.okler.net/previews/porto-admin/4.0.0/pages-recover-password.html]
[www.okler.net/previews/porto-admin/4.0.0/pages-lock-screen.html]
[www.okler.net/previews/porto-admin/4.0.0/pages-session-timeout.html]
[www.okler.net/previews/porto-admin/4.0.0/pages-calendar.html]
[www.okler.net/previews/porto-admin/4.0.0/pages-timeline.html]
[www.okler.net/previews/porto-admin/4.0.0/pages-media-gallery.html]
[www.okler.net/previews/porto-admin/4.0.0/pages-invoice.html]
[www.okler.net/previews/porto-admin/4.0.0/pages-blank.html]
[www.okler.net/previews/porto-admin/4.0.0/pages-404.html]
[www.okler.net/previews/porto-admin/4.0.0/pages-500.html]
[www.okler.net/previews/porto-admin/4.0.0/pages-log-viewer.html]
[www.okler.net/previews/porto-admin/4.0.0/pages-search-results.html]
[www.okler.net/previews/porto-admin/4.0.0/ui-elements-typography.html]
[www.okler.net/previews/porto-admin/4.0.0/ui-elements-icons-elusive.html]
[www.okler.net/previews/porto-admin/4.0.0/ui-elements-icons-font-awesome.html]
[www.okler.net/previews/porto-admin/4.0.0/ui-elements-icons-line-icons.html]
[www.okler.net/previews/porto-admin/4.0.0/ui-elements-icons-meteocons.html]
[www.okler.net/previews/porto-admin/4.0.0/ui-elements-icons-box-icons.html]
[www.okler.net/previews/porto-admin/4.0.0/ui-elements-tabs.html]
[www.okler.net/previews/porto-admin/4.0.0/ui-elements-cards.html]
[www.okler.net/previews/porto-admin/4.0.0/ui-elements-widgets.html]
[www.okler.net/previews/porto-admin/4.0.0/ui-elements-portlets.html]
[www.okler.net/previews/porto-admin/4.0.0/ui-elements-buttons.html]
[www.okler.net/previews/porto-admin/4.0.0/ui-elements-alerts.html]
[www.okler.net/previews/porto-admin/4.0.0/ui-elements-notifications.html]
[www.okler.net/previews/porto-admin/4.0.0/ui-elements-modals.html]
[www.okler.net/previews/porto-admin/4.0.0/ui-elements-lightbox.html]
[www.okler.net/previews/porto-admin/4.0.0/ui-elements-progressbars.html]
[www.okler.net/previews/porto-admin/4.0.0/ui-elements-sliders.html]
[www.okler.net/previews/porto-admin/4.0.0/ui-elements-carousels.html]
[www.okler.net/previews/porto-admin/4.0.0/ui-elements-accordions.html]
[www.okler.net/previews/porto-admin/4.0.0/ui-elements-toggles.html]
[www.okler.net/previews/porto-admin/4.0.0/ui-elements-nestable.html]
[www.okler.net/previews/porto-admin/4.0.0/ui-elements-tree-view.html]
[www.okler.net/previews/porto-admin/4.0.0/ui-elements-scrollable.html]
[www.okler.net/previews/porto-admin/4.0.0/ui-elements-grid-system.html]
[www.okler.net/previews/porto-admin/4.0.0/ui-elements-charts.html]
[www.okler.net/previews/porto-admin/4.0.0/ui-elements-animations-appear.html]
[www.okler.net/previews/porto-admin/4.0.0/ui-elements-animations-hover.html]
[www.okler.net/previews/porto-admin/4.0.0/ui-elements-loading-overlay.html]
[www.okler.net/previews/porto-admin/4.0.0/ui-elements-loading-progress.html]
[www.okler.net/previews/porto-admin/4.0.0/ui-elements-extra.html]
[www.okler.net/previews/porto-admin/4.0.0/maps-google-maps.html]
[www.okler.net/previews/porto-admin/4.0.0/maps-google-maps-builder.html]
[www.okler.net/previews/porto-admin/4.0.0/maps-vector.html]
[www.okler.net/previews/porto-admin/4.0.0/extra-ajax-made-easy.html]
[www.okler.net/previews/porto-admin/4.0.0/forms-basic.html]
[www.okler.net/previews/porto-admin/4.0.0/forms-advanced.html]
[www.okler.net/previews/porto-admin/4.0.0/forms-validation.html]
[www.okler.net/previews/porto-admin/4.0.0/forms-layouts.html]
[www.okler.net/previews/porto-admin/4.0.0/forms-wizard.html]
[www.okler.net/previews/porto-admin/4.0.0/forms-code-editor.html]
[www.okler.net/previews/porto-admin/4.0.0/tables-basic.html]
[www.okler.net/previews/porto-admin/4.0.0/tables-advanced.html]
[www.okler.net/previews/porto-admin/4.0.0/tables-responsive.html]
[www.okler.net/previews/porto-admin/4.0.0/tables-editable.html]
[www.okler.net/previews/porto-admin/4.0.0/tables-ajax.html]
[www.okler.net/previews/porto-admin/4.0.0/tables-pricing.html]
[www.okler.net/previews/porto-admin/4.0.0/img/projects/project-4.jpg]
[www.okler.net/previews/porto-admin/4.0.0/vendor/jquery/jquery.js]
[www.okler.net/previews/porto-admin/4.0.0/vendor/jquery-browser-mobile/jquery.browser.mobile.js]
[www.okler.net/previews/porto-admin/4.0.0/vendor/jquery-cookie/jquery.cookie.js]
[www.okler.net/previews/porto-admin/4.0.0/master/style-switcher/style.switcher.js]
[www.okler.net/previews/porto-admin/4.0.0/vendor/popper/umd/popper.min.js]
[www.okler.net/previews/porto-admin/4.0.0/vendor/bootstrap/js/bootstrap.bundle.min.js]
[www.okler.net/previews/porto-admin/4.0.0/vendor/bootstrap-datepicker/js/bootstrap-datepicker.js]
[www.okler.net/previews/porto-admin/4.0.0/vendor/common/common.js]
[www.okler.net/previews/porto-admin/4.0.0/vendor/nanoscroller/nanoscroller.js]
[www.okler.net/previews/porto-admin/4.0.0/vendor/magnific-popup/jquery.magnific-popup.js]
[www.okler.net/previews/porto-admin/4.0.0/vendor/jquery-placeholder/jquery.placeholder.js]
[www.okler.net/previews/porto-admin/4.0.0/vendor/jqueryui-touch-punch/jquery.ui.touch-punch.js]
[www.okler.net/previews/porto-admin/4.0.0/vendor/jquery-ui/jquery-ui.js]
[www.okler.net/previews/porto-admin/4.0.0/vendor/jquery-appear/jquery.appear.js]
[www.okler.net/previews/porto-admin/4.0.0/vendor/bootstrapv5-multiselect/js/bootstrap-multiselect.js]
[www.okler.net/previews/porto-admin/4.0.0/vendor/jquery.easy-pie-chart/jquery.easypiechart.js]
[www.okler.net/previews/porto-admin/4.0.0/vendor/flot/jquery.flot.js]
[www.okler.net/previews/porto-admin/4.0.0/vendor/flot.tooltip/jquery.flot.tooltip.js]
[www.okler.net/previews/porto-admin/4.0.0/vendor/flot/jquery.flot.pie.js]
[www.okler.net/previews/porto-admin/4.0.0/vendor/flot/jquery.flot.categories.js]
[www.okler.net/previews/porto-admin/4.0.0/vendor/flot/jquery.flot.resize.js]
[www.okler.net/previews/porto-admin/4.0.0/vendor/jquery-sparkline/jquery.sparkline.js]
[www.okler.net/previews/porto-admin/4.0.0/vendor/raphael/raphael.js]
[www.okler.net/previews/porto-admin/4.0.0/vendor/morris/morris.js]
[www.okler.net/previews/porto-admin/4.0.0/vendor/gauge/gauge.js]
[www.okler.net/previews/porto-admin/4.0.0/vendor/snap.svg/snap.svg.js]
[www.okler.net/previews/porto-admin/4.0.0/vendor/liquid-meter/liquid.meter.js]
[www.okler.net/previews/porto-admin/4.0.0/vendor/jqvmap/jquery.vmap.js]
[www.okler.net/previews/porto-admin/4.0.0/vendor/jqvmap/data/jquery.vmap.sampledata.js]
[www.okler.net/previews/porto-admin/4.0.0/vendor/jqvmap/maps/jquery.vmap.world.js]
[www.okler.net/previews/porto-admin/4.0.0/vendor/jqvmap/maps/continents/jquery.vmap.africa.js]
[www.okler.net/previews/porto-admin/4.0.0/vendor/jqvmap/maps/continents/jquery.vmap.asia.js]
[www.okler.net/previews/porto-admin/4.0.0/vendor/jqvmap/maps/continents/jquery.vmap.australia.js]
[www.okler.net/previews/porto-admin/4.0.0/vendor/jqvmap/maps/continents/jquery.vmap.europe.js]
[www.okler.net/previews/porto-admin/4.0.0/vendor/jqvmap/maps/continents/jquery.vmap.north-america.js]
[www.okler.net/previews/porto-admin/4.0.0/vendor/jqvmap/maps/continents/jquery.vmap.south-america.js]
[www.okler.net/previews/porto-admin/4.0.0/js/theme.js]
[www.okler.net/previews/porto-admin/4.0.0/js/theme.init.js]
[www.google-analytics.com/analytics.js]
[www.okler.net/previews/porto-admin/4.0.0/layouts-default.html]
[www.okler.net/previews/porto-admin/4.0.0/vendor/bootstrap/css/bootstrap.css]
[www.okler.net/previews/porto-admin/4.0.0/vendor/animate/animate.compat.css]
[www.okler.net/previews/porto-admin/4.0.0/js/examples/examples.dashboard.js]
[www.okler.net/previews/porto-admin/4.0.0/vendor/font-awesome/webfonts/fa-brands-400.eot]
[www.okler.net/previews/porto-admin/4.0.0/vendor/font-awesome/webfonts/fa-brands-400d41d.eot]
[www.okler.net/previews/porto-admin/4.0.0/vendor/font-awesome/webfonts/fa-brands-400.woff2]
[www.okler.net/previews/porto-admin/4.0.0/vendor/font-awesome/webfonts/fa-brands-400.woff]
[www.okler.net/previews/porto-admin/4.0.0/vendor/font-awesome/webfonts/fa-brands-400.ttf]
[www.okler.net/previews/porto-admin/4.0.0/vendor/font-awesome/webfonts/fa-regular-400.eot]
[www.okler.net/previews/porto-admin/4.0.0/vendor/font-awesome/webfonts/fa-brands-400.svg]
[www.okler.net/previews/porto-admin/4.0.0/vendor/font-awesome/webfonts/fa-regular-400d41d.eot]
[www.okler.net/previews/porto-admin/4.0.0/vendor/font-awesome/webfonts/fa-regular-400.woff2]
[www.okler.net/previews/porto-admin/4.0.0/vendor/font-awesome/webfonts/fa-regular-400.woff]
[www.okler.net/previews/porto-admin/4.0.0/vendor/font-awesome/webfonts/fa-regular-400.ttf]
[www.okler.net/previews/porto-admin/4.0.0/vendor/font-awesome/webfonts/fa-regular-400.svg]
[www.okler.net/previews/porto-admin/4.0.0/vendor/font-awesome/webfonts/fa-solid-900.eot]
[www.okler.net/previews/porto-admin/4.0.0/vendor/font-awesome/webfonts/fa-solid-900d41d.eot]
[www.okler.net/previews/porto-admin/4.0.0/vendor/font-awesome/webfonts/fa-solid-900.woff2]
[www.okler.net/previews/porto-admin/4.0.0/vendor/font-awesome/webfonts/fa-solid-900.woff]
[www.okler.net/previews/porto-admin/4.0.0/vendor/font-awesome/webfonts/fa-solid-900.ttf]
[www.okler.net/previews/porto-admin/4.0.0/vendor/font-awesome/css/all.min.css]
[www.okler.net/previews/porto-admin/4.0.0/vendor/font-awesome/webfonts/fa-solid-900.svg]
[www.okler.net/previews/porto-admin/4.0.0/vendor/boxicons/fonts/boxicons.eot]
[www.okler.net/previews/porto-admin/4.0.0/vendor/boxicons/fonts/boxicons.woff2]
[www.okler.net/previews/porto-admin/4.0.0/vendor/boxicons/fonts/boxicons.woff]
[www.okler.net/previews/porto-admin/4.0.0/vendor/boxicons/fonts/boxicons.ttf]
[www.okler.net/previews/porto-admin/4.0.0/vendor/boxicons/css/boxicons.min.css]
[www.okler.net/previews/porto-admin/4.0.0/vendor/magnific-popup/magnific-popup.css]
[www.okler.net/previews/porto-admin/4.0.0/vendor/bootstrap-datepicker/css/bootstrap-datepicker3.css]
[www.okler.net/previews/porto-admin/4.0.0/vendor/jquery-ui/jquery-ui.css]
[www.okler.net/previews/porto-admin/4.0.0/vendor/jquery-ui/images/ui-icons_444444_256x240.png]
[www.okler.net/previews/porto-admin/4.0.0/vendor/boxicons/fonts/boxiconsd41d.svg]
[www.okler.net/previews/porto-admin/4.0.0/vendor/jquery-ui/images/ui-icons_555555_256x240.png]
[www.okler.net/previews/porto-admin/4.0.0/vendor/jquery-ui/images/ui-icons_ffffff_256x240.png]
[www.okler.net/previews/porto-admin/4.0.0/vendor/jquery-ui/images/ui-icons_777620_256x240.png]
[www.okler.net/previews/porto-admin/4.0.0/vendor/jquery-ui/images/ui-icons_cc0000_256x240.png]
[www.okler.net/previews/porto-admin/4.0.0/vendor/jquery-ui/images/ui-icons_777777_256x240.png]
[www.okler.net/previews/porto-admin/4.0.0/vendor/jquery-ui/jquery-ui.theme.css]
[www.okler.net/previews/porto-admin/4.0.0/vendor/bootstrap-multiselect/css/bootstrap-multiselect.css]
[www.okler.net/previews/porto-admin/4.0.0/vendor/morris/morris.css]
[www.okler.net/previews/porto-admin/4.0.0/img/patterns/gray_jean.png]
[www.okler.net/previews/porto-admin/4.0.0/img/patterns/stripes.png]
[www.okler.net/previews/porto-admin/4.0.0/img/flags.png]
[www.okler.net/previews/porto-admin/4.0.0/img/arrows.png]
[www.okler.net/previews/porto-admin/4.0.0/img/arrows-dark.png]
[www.okler.net/previews/porto-admin/4.0.0/img/jstree.png]
[www.okler.net/previews/porto-admin/4.0.0/img/jstree-dark.png]
[www.okler.net/previews/porto-admin/4.0.0/img/patterns/noisy_net.png]
[www.okler.net/previews/porto-admin/4.0.0/css/theme.css]
[www.okler.net/previews/porto-admin/4.0.0/css/custom.css]
[www.okler.net/previews/porto-admin/4.0.0/img/post-thumb-1.jpg]
[www.okler.net/previews/porto-admin/4.0.0/img/post-thumb-2.jpg]
[www.okler.net/previews/porto-admin/4.0.0/img/post-thumb-3.jpg]
[www.okler.net/previews/porto-admin/4.0.0/pages-user-profile.html]
[www.okler.net/previews/porto-admin/4.0.0/pages-signin.html]
[www.okler.net/previews/porto-admin/4.0.0/vendor/autosize/autosize.js]
[www.okler.net/previews/porto-admin/4.0.0/vendor/datatables/media/css/dataTables.bootstrap5.css]
[www.okler.net/previews/porto-admin/4.0.0/css/layouts/modern.css]
[www.okler.net/previews/porto-admin/4.0.0/img/logo-modern.png]
[www.okler.net/previews/porto-admin/4.0.0/img/logo-default.png]
[www.okler.net/previews/porto-admin/4.0.0/img/blank.gif]
[www.okler.net/previews/porto-admin/4.0.0/img/products/product-1.jpg]
[www.okler.net/previews/porto-admin/4.0.0/img/products/product-2.jpg]
[www.okler.net/previews/porto-admin/4.0.0/img/products/product-3.jpg]
[www.okler.net/previews/porto-admin/4.0.0/img/products/product-4.jpg]
[www.okler.net/previews/porto-admin/4.0.0/img/products/product-5.jpg]
[www.okler.net/previews/porto-admin/4.0.0/vendor/datatables/media/js/jquery.dataTables.min.js]
[www.okler.net/previews/porto-admin/4.0.0/vendor/datatables/media/js/dataTables.bootstrap5.min.js]
[www.okler.net/previews/porto-admin/4.0.0/js/examples/examples.header.menu.js]
[www.okler.net/previews/porto-admin/4.0.0/js/examples/examples.ecommerce.dashboard.js]
[www.okler.net/previews/porto-admin/4.0.0/ecommerce-dashboard.html]
[www.okler.net/previews/porto-admin/4.0.0/js/examples/examples.ecommerce.datatables.list.js]
[www.okler.net/previews/porto-admin/4.0.0/vendor/select2/css/select2.css]
[www.okler.net/previews/porto-admin/4.0.0/vendor/select2-bootstrap-theme/select2-bootstrap.min.css]
[www.okler.net/previews/porto-admin/4.0.0/vendor/dropzone/basic.css]
[www.okler.net/previews/porto-admin/4.0.0/vendor/dropzone/dropzone.css]
[www.okler.net/previews/porto-admin/4.0.0/vendor/bootstrap-markdown/css/bootstrap-markdown.min.css]
[www.okler.net/previews/porto-admin/4.0.0/vendor/pnotify/pnotify.custom.css]
[www.okler.net/previews/porto-admin/4.0.0/img/products/product-6.jpg]
[www.okler.net/previews/porto-admin/4.0.0/img/products/product-7.jpg]
[www.okler.net/previews/porto-admin/4.0.0/img/products/product-8.jpg]
[www.okler.net/previews/porto-admin/4.0.0/vendor/jquery-validation/jquery.validate.js]
[www.okler.net/previews/porto-admin/4.0.0/vendor/select2/js/select2.js]
[www.okler.net/previews/porto-admin/4.0.0/vendor/dropzone/dropzone.js]
[www.okler.net/previews/porto-admin/4.0.0/vendor/pnotify/pnotify.custom.js]
[www.okler.net/previews/porto-admin/4.0.0/js/examples/examples.ecommerce.form.js]
[www.okler.net/previews/porto-admin/4.0.0/ecommerce-products-list.html]
[www.okler.net/previews/porto-admin/4.0.0/ecommerce-products-form.html]
[www.okler.net/previews/porto-admin/4.0.0/ecommerce-category-list.html]
[www.okler.net/previews/porto-admin/4.0.0/ecommerce-category-form.html]
[www.okler.net/previews/porto-admin/4.0.0/ecommerce-coupons-list.html]
[www.okler.net/previews/porto-admin/4.0.0/ecommerce-coupons-form.html]
[www.okler.net/previews/porto-admin/4.0.0/ecommerce-orders-list.html]
[www.okler.net/previews/porto-admin/4.0.0/js/examples/examples.ecommerce.sidebar.overlay.js]
[www.okler.net/cdn-cgi/scripts/5c5dd728/cloudflare-static/email-decode.min.js]
[www.okler.net/previews/porto-admin/4.0.0/ecommerce-orders-detail.html]
[www.okler.net/previews/porto-admin/4.0.0/ecommerce-customers-list.html]
[www.okler.net/previews/porto-admin/4.0.0/ecommerce-customers-form.html]
[www.okler.net/previews/porto-admin/4.0.0/js/examples/examples.ecommerce.orders.detail.js]
[www.okler.net/previews/porto-admin/4.0.0/vendor/summernote/summernote-bs4.css]
[www.okler.net/previews/porto-admin/4.0.0/mailbox-compose.html]
[www.okler.net/previews/porto-admin/4.0.0/mailbox-email.html]
[www.okler.net/previews/porto-admin/4.0.0/mailbox-folder.html]
[www.okler.net/previews/porto-admin/4.0.0/vendor/summernote/summernote-bs4.js]
[www.okler.net/previews/porto-admin/4.0.0/vendor/owl.carousel/assets/owl.carousel.css]
[www.okler.net/previews/porto-admin/4.0.0/vendor/owl.carousel/assets/owl.theme.default.css]
[www.okler.net/previews/porto-admin/4.0.0/css/landing.css]
[www.okler.net/previews/porto-admin/4.0.0/img/lazy.png]
[www.okler.net/previews/porto-admin/4.0.0/img/landing/header_bg.jpg]
[www.okler.net/previews/porto-admin/4.0.0/img/bs5-updated.png]
[www.okler.net/previews/porto-admin/4.0.0/video/presentation654f.mp4]
[www.okler.net/previews/porto-admin/4.0.0/img/landing/reason_bg.png]
[www.okler.net/previews/porto-admin/4.0.0/img/landing/reason1.png]
[www.okler.net/previews/porto-admin/4.0.0/img/landing/reason2.png]
[www.okler.net/previews/porto-admin/4.0.0/img/landing/reason3.png]
[www.okler.net/previews/porto-admin/4.0.0/img/landing/reason4.png]
[www.okler.net/previews/porto-admin/4.0.0/img/landing/reason5.png]
[www.okler.net/previews/porto-admin/4.0.0/img/landing/reason6.png]
[www.okler.net/previews/porto-admin/4.0.0/img/landing/porto_performance_bg.png]
[www.okler.net/previews/porto-admin/4.0.0/img/landing/build_bg.jpg]
[www.okler.net/previews/porto-admin/4.0.0/vendor/owl.carousel/owl.carousel.js]
[www.okler.net/previews/porto-admin/4.0.0/index.html]
[www.okler.net/previews/porto-admin/4.0.0/layouts-modern.html]
[www.okler.net/previews/porto-admin/4.0.0/layouts-boxed.html]
[www.okler.net/previews/porto-admin/4.0.0/layouts-boxed-fixed-header.html]
[www.okler.net/previews/porto-admin/4.0.0/layouts-header-menu.html]
[www.okler.net/previews/porto-admin/4.0.0/layouts-header-menu-stripe.html]
[www.okler.net/previews/porto-admin/4.0.0/layouts-header-menu-top-line.html]
[www.okler.net/previews/porto-admin/4.0.0/layouts-dark.html]
[www.okler.net/previews/porto-admin/4.0.0/layouts-dark-header.html]
[www.okler.net/previews/porto-admin/4.0.0/layouts-two-navigations.html]
[www.okler.net/previews/porto-admin/4.0.0/vendor/jquery.lazyload/jquery.lazyload.js]
[www.okler.net/previews/porto-admin/4.0.0/img/logo-light.png]
[www.okler.net/previews/porto-admin/4.0.0/layouts-tab-navigation-dark.html]
[www.okler.net/previews/porto-admin/4.0.0/layouts-tab-navigation.html]
[www.okler.net/previews/porto-admin/4.0.0/layouts-tab-navigation-boxed.html]
[www.okler.net/previews/porto-admin/4.0.0/layouts-light-sidebar.html]
[www.okler.net/previews/porto-admin/4.0.0/layouts-left-sidebar-collapsed.html]
[www.okler.net/previews/porto-admin/4.0.0/layouts-left-sidebar-scroll.html]
[www.okler.net/previews/porto-admin/4.0.0/layouts-left-sidebar-big-icons.html]
[www.okler.net/previews/porto-admin/4.0.0/layouts-left-sidebar-big-icons-light.html]
[www.okler.net/previews/porto-admin/4.0.0/layouts-left-sidebar-panel.html]
[www.okler.net/previews/porto-admin/4.0.0/layouts-left-sidebar-panel-light.html]
[www.okler.net/previews/porto-admin/4.0.0/layouts-sidebar-sizes-xs.html]
[www.okler.net/previews/porto-admin/4.0.0/layouts-sidebar-sizes-sm.html]
[www.okler.net/previews/porto-admin/4.0.0/layouts-sidebar-sizes-md.html]
[www.okler.net/previews/porto-admin/4.0.0/layouts-square-borders.html]
[www.okler.net/previews/porto-admin/4.0.0/pages-signup.html]
[www.okler.net/previews/porto-admin/4.0.0/pages-recover-password.html]
[www.okler.net/previews/porto-admin/4.0.0/pages-lock-screen.html]
[www.okler.net/previews/porto-admin/4.0.0/css/skins/square-borders.css]
[www.okler.net/previews/porto-admin/4.0.0/vendor/jquery-idletimer/idle-timer.js]
[www.okler.net/previews/porto-admin/4.0.0/js/examples/examples.lockscreen.js]
[www.okler.net/previews/porto-admin/4.0.0/pages-session-timeout.html]
[www.okler.net/previews/porto-admin/4.0.0/js/examples/examples.session.timeout.js]
[www.okler.net/previews/porto-admin/4.0.0/vendor/fullcalendar/fullcalendar.css]
[www.okler.net/previews/porto-admin/4.0.0/vendor/moment/moment.js]
[www.okler.net/previews/porto-admin/4.0.0/vendor/fullcalendar/fullcalendar.js]
[www.okler.net/previews/porto-admin/4.0.0/pages-calendar.html]
[www.okler.net/previews/porto-admin/4.0.0/js/examples/examples.calendar.js]
[www.okler.net/previews/porto-admin/4.0.0/img/projects/project-3.jpg]
[www.okler.net/previews/porto-admin/4.0.0/img/projects/project-2.jpg]
[www.okler.net/previews/porto-admin/4.0.0/vendor/gmaps/gmaps.js]
[www.okler.net/previews/porto-admin/4.0.0/pages-timeline.html]
[www.okler.net/previews/porto-admin/4.0.0/js/examples/examples.timeline.js]
[www.okler.net/previews/porto-admin/4.0.0/img/projects/project-1.jpg]
[www.okler.net/previews/porto-admin/4.0.0/img/projects/project-5.jpg]
[www.okler.net/previews/porto-admin/4.0.0/img/projects/project-6.jpg]
[www.okler.net/previews/porto-admin/4.0.0/img/projects/project-7.jpg]
[www.okler.net/previews/porto-admin/4.0.0/vendor/isotope/isotope.js]
[www.okler.net/previews/porto-admin/4.0.0/pages-media-gallery.html]
[www.okler.net/previews/porto-admin/4.0.0/js/examples/examples.mediagallery.js]
[www.okler.net/previews/porto-admin/4.0.0/img/invoice-logo.png]
[www.okler.net/previews/porto-admin/4.0.0/pages-invoice.html]
[www.okler.net/previews/porto-admin/4.0.0/pages-blank.html]
[www.okler.net/previews/porto-admin/4.0.0/pages-404.html]
[www.okler.net/previews/porto-admin/4.0.0/pages-500.html]
[www.okler.net/previews/porto-admin/4.0.0/pages-log-viewer.html]
[www.okler.net/previews/porto-admin/4.0.0/pages-search-results.html]
[www.okler.net/previews/porto-admin/4.0.0/ui-elements-typography.html]
[www.okler.net/previews/porto-admin/4.0.0/pages-invoice-print.html]
[www.okler.net/previews/porto-admin/4.0.0/ui-elements-icons-elusive.html]
[www.okler.net/previews/porto-admin/4.0.0/ui-elements-icons-font-awesome.html]
[www.okler.net/previews/porto-admin/4.0.0/vendor/elusive-icons/css/elusive-icons.css]
[www.okler.net/previews/porto-admin/4.0.0/ui-elements-icons-line-icons.html]
[www.okler.net/previews/porto-admin/4.0.0/vendor/simple-line-icons/css/simple-line-icons.css]
[www.okler.net/previews/porto-admin/4.0.0/ui-elements-icons-meteocons.html]
[www.okler.net/previews/porto-admin/4.0.0/ui-elements-icons-box-icons.html]
[www.okler.net/previews/porto-admin/4.0.0/ui-elements-tabs.html]
[www.okler.net/previews/porto-admin/4.0.0/ui-elements-cards.html]
[www.okler.net/previews/porto-admin/4.0.0/vendor/meteocons/css/meteocons.css]
[www.okler.net/previews/porto-admin/4.0.0/img/widget-twitter-profile.jpg]
[www.okler.net/previews/porto-admin/4.0.0/img/blog-image-3.jpg]
[www.okler.net/previews/porto-admin/4.0.0/img/blog-image-2.jpg]
[www.okler.net/previews/porto-admin/4.0.0/img/blog-image-1.jpg]
[www.okler.net/previews/porto-admin/4.0.0/ui-elements-widgets.html]
[www.okler.net/previews/porto-admin/4.0.0/js/examples/examples.widgets.js]
[www.okler.net/previews/porto-admin/4.0.0/vendor/store2/store2.js]
[www.okler.net/previews/porto-admin/4.0.0/ui-elements-portlets.html]
[www.okler.net/previews/porto-admin/4.0.0/ui-elements-buttons.html]
[www.okler.net/previews/porto-admin/4.0.0/ui-elements-alerts.html]
[www.okler.net/previews/porto-admin/4.0.0/js/examples/examples.portlets.js]
[www.okler.net/previews/porto-admin/4.0.0/ui-elements-notifications.html]
[www.okler.net/previews/porto-admin/4.0.0/js/examples/examples.notifications.js]
[www.okler.net/previews/porto-admin/4.0.0/ajax/ui-elements-modals-ajax.html]
[www.okler.net/previews/porto-admin/4.0.0/ui-elements-modals.html]
[www.okler.net/previews/porto-admin/4.0.0/js/examples/examples.modals.js]
[www.okler.net/previews/porto-admin/4.0.0/img/projects/project.jpg]
[www.okler.net/previews/porto-admin/4.0.0/ajax/ui-elements-lightbox-ajax.html]
[www.okler.net/previews/porto-admin/4.0.0/ui-elements-lightbox.html]
[www.okler.net/previews/porto-admin/4.0.0/ui-elements-progressbars.html]
[www.okler.net/previews/porto-admin/4.0.0/ui-elements-sliders.html]
[www.okler.net/previews/porto-admin/4.0.0/ui-elements-carousels.html]
[www.okler.net/previews/porto-admin/4.0.0/js/examples/examples.lightbox.js]
[www.okler.net/previews/porto-admin/4.0.0/img/device.png]
[www.okler.net/previews/porto-admin/4.0.0/ui-elements-accordions.html]
[www.okler.net/previews/porto-admin/4.0.0/ui-elements-toggles.html]
[www.okler.net/previews/porto-admin/4.0.0/vendor/jquery-nestable/jquery.nestable.js]
[www.okler.net/previews/porto-admin/4.0.0/ui-elements-nestable.html]
[www.okler.net/previews/porto-admin/4.0.0/js/examples/examples.nestable.js]
[www.okler.net/previews/porto-admin/4.0.0/vendor/jstree/themes/default/style.css]
[www.okler.net/previews/porto-admin/4.0.0/vendor/jstree/jstree.js]
[www.okler.net/previews/porto-admin/4.0.0/ui-elements-tree-view.html]
[www.okler.net/previews/porto-admin/4.0.0/ui-elements-scrollable.html]
[www.okler.net/previews/porto-admin/4.0.0/ui-elements-grid-system.html]
[www.okler.net/previews/porto-admin/4.0.0/js/examples/examples.treeview.js]
[www.okler.net/previews/porto-admin/4.0.0/vendor/chartist/chartist.min.css]
[www.okler.net/previews/porto-admin/4.0.0/vendor/chartist/chartist.js]
[www.okler.net/previews/porto-admin/4.0.0/ui-elements-charts.html]
[www.okler.net/previews/porto-admin/4.0.0/ui-elements-animations-appear.html]
[www.okler.net/previews/porto-admin/4.0.0/js/examples/examples.charts.js]
[www.okler.net/previews/porto-admin/4.0.0/ui-elements-animations-hover.html]
[www.okler.net/previews/porto-admin/4.0.0/vendor/hover/hover.css]
[www.okler.net/previews/porto-admin/4.0.0/ui-elements-loading-overlay.html]
[www.okler.net/previews/porto-admin/4.0.0/js/examples/examples.loading.overlay.js]
[www.okler.net/previews/porto-admin/4.0.0/vendor/nprogress/nprogress.js]
[www.okler.net/previews/porto-admin/4.0.0/ui-elements-loading-progress.html]
[www.okler.net/previews/porto-admin/4.0.0/ui-elements-extra.html]
[www.okler.net/previews/porto-admin/4.0.0/js/examples/examples.loading.progress.js]
[www.okler.net/previews/porto-admin/4.0.0/maps-google-maps.html]
[www.okler.net/previews/porto-admin/4.0.0/js/examples/examples.gmap.js]
[www.okler.net/previews/porto-admin/4.0.0/vendor/snazzy-themes/snazzy.themes.js]
[www.okler.net/previews/porto-admin/4.0.0/maps-google-maps-builder.html]
[www.okler.net/previews/porto-admin/4.0.0/js/examples/examples.map.builder.js]
[www.okler.net/previews/porto-admin/4.0.0/vendor/jqvmap/jqvmap.css]
[www.okler.net/previews/porto-admin/4.0.0/maps-vector.html]
[www.okler.net/previews/porto-admin/4.0.0/js/examples/examples.vector.maps.js]
[www.okler.net/previews/porto-admin/4.0.0/vendor/intercooler-js/intercooler.js]
[www.okler.net/previews/porto-admin/4.0.0/vendor/jquery-mockjax/jquery.mockjax.js]
[www.okler.net/previews/porto-admin/4.0.0/extra-ajax-made-easy.html]
[www.okler.net/previews/porto-admin/4.0.0/js/examples/examples.ajax.made.easy.js]
[www.okler.net/previews/porto-admin/4.0.0/vendor/bootstrap-fileupload/bootstrap-fileupload.min.css]
[www.okler.net/previews/porto-admin/4.0.0/forms-basic.html]
[www.okler.net/previews/porto-admin/4.0.0/vendor/bootstrap-fileupload/bootstrap-fileupload.min.js]
[www.okler.net/previews/porto-admin/4.0.0/vendor/bootstrap-tagsinput/bootstrap-tagsinput.css]
[www.okler.net/previews/porto-admin/4.0.0/vendor/bootstrap-colorpicker/css/bootstrap-colorpicker.css]
[www.okler.net/previews/porto-admin/4.0.0/vendor/bootstrap-timepicker/css/bootstrap-timepicker.css]
[www.okler.net/previews/porto-admin/4.0.0/vendor/codemirror/lib/codemirror.css]
[www.okler.net/previews/porto-admin/4.0.0/vendor/codemirror/theme/monokai.css]
[www.okler.net/previews/porto-admin/4.0.0/vendor/jquery-maskedinput/jquery.maskedinput.js]
[www.okler.net/previews/porto-admin/4.0.0/vendor/bootstrap-tagsinput/bootstrap-tagsinput.js]
[www.okler.net/previews/porto-admin/4.0.0/vendor/bootstrapv5-colorpicker/js/bootstrap-colorpicker.js]
[www.okler.net/previews/porto-admin/4.0.0/vendor/bootstrap-timepicker/js/bootstrap-timepicker.js]
[www.okler.net/previews/porto-admin/4.0.0/vendor/fuelux/js/spinner.js]
[www.okler.net/previews/porto-admin/4.0.0/vendor/bootstrap-markdown/js/markdown.js]
[www.okler.net/previews/porto-admin/4.0.0/vendor/bootstrap-markdown/js/to-markdown.js]
[www.okler.net/previews/porto-admin/4.0.0/vendor/bootstrap-markdown/js/bootstrap-markdown.js]
[www.okler.net/previews/porto-admin/4.0.0/vendor/codemirror/lib/codemirror.js]
[www.okler.net/previews/porto-admin/4.0.0/vendor/codemirror/addon/selection/active-line.js]
[www.okler.net/previews/porto-admin/4.0.0/vendor/codemirror/addon/edit/matchbrackets.js]
[www.okler.net/previews/porto-admin/4.0.0/vendor/codemirror/mode/javascript/javascript.js]
[www.okler.net/previews/porto-admin/4.0.0/vendor/codemirror/mode/xml/xml.js]
[www.okler.net/previews/porto-admin/4.0.0/vendor/codemirror/mode/htmlmixed/htmlmixed.js]
[www.okler.net/previews/porto-admin/4.0.0/vendor/codemirror/mode/css/css.js]
[www.okler.net/previews/porto-admin/4.0.0/vendor/bootstrap-maxlength/bootstrap-maxlength.js]
[www.okler.net/previews/porto-admin/4.0.0/vendor/ios7-switch/ios7-switch.js]
[www.okler.net/previews/porto-admin/4.0.0/forms-advanced.html]
[www.okler.net/previews/porto-admin/4.0.0/js/examples/examples.advanced.form.js]
[www.okler.net/previews/porto-admin/4.0.0/forms-validation.html]
[www.okler.net/previews/porto-admin/4.0.0/forms-layouts.html]
[www.okler.net/previews/porto-admin/4.0.0/js/examples/examples.validation.js]
[www.okler.net/previews/porto-admin/4.0.0/vendor/bootstrapv5-wizard/jquery.bootstrap.wizard.js]
[www.okler.net/previews/porto-admin/4.0.0/forms-wizard.html]
[www.okler.net/previews/porto-admin/4.0.0/forms-code-editor.html]
[www.okler.net/previews/porto-admin/4.0.0/tables-basic.html]
[www.okler.net/previews/porto-admin/4.0.0/js/examples/examples.wizard.js]
[www.okler.net/previews/porto-admin/4.0.0/vendor/datatables/extras/TableTools/Buttons-1.4.2/js/dataTables.buttons.min.js]
[www.okler.net/previews/porto-admin/4.0.0/vendor/datatables/extras/TableTools/Buttons-1.4.2/js/buttons.bootstrap4.min.js]
[www.okler.net/previews/porto-admin/4.0.0/vendor/datatables/extras/TableTools/Buttons-1.4.2/js/buttons.html5.min.js]
[www.okler.net/previews/porto-admin/4.0.0/vendor/datatables/extras/TableTools/Buttons-1.4.2/js/buttons.print.min.js]
[www.okler.net/previews/porto-admin/4.0.0/vendor/datatables/extras/TableTools/JSZip-2.5.0/jszip.min.js]
[www.okler.net/previews/porto-admin/4.0.0/js/examples/examples.datatables.default.js]
[www.okler.net/previews/porto-admin/4.0.0/vendor/datatables/extras/TableTools/pdfmake-0.1.32/vfs_fonts.js]
[www.okler.net/previews/porto-admin/4.0.0/js/examples/examples.datatables.row.with.details.js]
[www.okler.net/previews/porto-admin/4.0.0/tables-advanced.html]
[www.okler.net/previews/porto-admin/4.0.0/tables-responsive.html]
[www.okler.net/previews/porto-admin/4.0.0/js/examples/examples.datatables.tabletools.js]
[www.okler.net/previews/porto-admin/4.0.0/vendor/datatables/extras/TableTools/pdfmake-0.1.32/pdfmake.min.js]
[www.okler.net/previews/porto-admin/4.0.0/tables-editable.html]
[www.okler.net/previews/porto-admin/4.0.0/js/examples/examples.datatables.editable.js]
[www.okler.net/previews/porto-admin/4.0.0/tables-ajax.html]
[www.okler.net/previews/porto-admin/4.0.0/tables-pricing.html]
[www.okler.net/previews/porto-admin/4.0.0/js/custom.js]
[www.okler.net/previews/porto-admin/4.0.0/vendor/font-awesome/webfonts/fa-brands-400.svg]
[www.okler.net/previews/porto-admin/4.0.0/vendor/font-awesome/webfonts/fa-regular-400.svg]
[www.okler.net/previews/porto-admin/4.0.0/js/examples/examples.datatables.ajax.js]
[www.okler.net/previews/porto-admin/4.0.0/vendor/font-awesome/webfonts/fa-solid-900.svg]
[www.okler.net/previews/porto-admin/4.0.0/vendor/boxicons/fonts/boxiconsd41d.svg]
[www.okler.net/previews/porto-admin/4.0.0/img/patterns/stripes.html]
[www.okler.net/previews/porto-admin/4.0.0/vendor/datatables/media/css/dataTables.bootstrap5.css]
[www.okler.net/previews/porto-admin/4.0.0/css/layouts/modern.css]
[www.okler.net/previews/porto-admin/4.0.0/vendor/select2/css/select2.css]
[www.okler.net/previews/porto-admin/4.0.0/vendor/select2-bootstrap-theme/select2-bootstrap.min.css]
[www.okler.net/previews/porto-admin/4.0.0/vendor/dropzone/basic.css]
[www.okler.net/previews/porto-admin/4.0.0/vendor/dropzone/dropzone.css]
[www.okler.net/previews/porto-admin/4.0.0/vendor/bootstrap-markdown/css/bootstrap-markdown.min.css]
[www.okler.net/previews/porto-admin/4.0.0/vendor/pnotify/pnotify.custom.css]
[www.okler.net/previews/porto-admin/4.0.0/vendor/summernote/font/summernote.eot]
[www.okler.net/previews/porto-admin/4.0.0/vendor/summernote/font/summernoted41d.eot]
[www.okler.net/previews/porto-admin/4.0.0/vendor/summernote/font/summernote.woff2]
[www.okler.net/previews/porto-admin/4.0.0/vendor/summernote/font/summernote.woff]
[www.okler.net/previews/porto-admin/4.0.0/vendor/summernote/summernote-bs4.css]
[www.okler.net/previews/porto-admin/4.0.0/mailbox-compose.html]
[www.okler.net/previews/porto-admin/4.0.0/mailbox-email.html]
[www.okler.net/previews/porto-admin/4.0.0/vendor/summernote/font/summernote.ttf]
[www.okler.net/previews/porto-admin/4.0.0/vendor/owl.carousel/assets/owl.video.play.png]
[www.okler.net/previews/porto-admin/4.0.0/vendor/owl.carousel/assets/owl.carousel.css]
[www.okler.net/previews/porto-admin/4.0.0/vendor/owl.carousel/assets/owl.theme.default.css]
[www.okler.net/previews/porto-admin/4.0.0/img/pencil-blue-line.png]
[www.okler.net/previews/porto-admin/4.0.0/img/pencil-blue-line-dark.png]
[www.okler.net/previews/porto-admin/4.0.0/img/pencil-blue-line-2.png]
[www.okler.net/previews/porto-admin/4.0.0/img/pencil-blue-line-2-dark.png]
[www.okler.net/previews/porto-admin/4.0.0/img/icons/icons.png]
[www.okler.net/previews/porto-admin/4.0.0/css/landing.css]
[www.okler.net/previews/porto-admin/4.0.0/css/skins/square-borders.css]
[www.okler.net/previews/porto-admin/4.0.0/vendor/fullcalendar/fullcalendar.css]
[www.okler.net/previews/porto-admin/4.0.0/pages-invoice-print.html]
[www.okler.net/previews/porto-admin/4.0.0/vendor/elusive-icons/fonts/elusiveicons-webfont28b5.eot]
[www.okler.net/previews/porto-admin/4.0.0/vendor/elusive-icons/fonts/elusiveicons-webfontd41d.eot]
[www.okler.net/previews/porto-admin/4.0.0/vendor/elusive-icons/fonts/elusiveicons-webfont28b5.woff]
[www.okler.net/previews/porto-admin/4.0.0/vendor/elusive-icons/fonts/elusiveicons-webfont28b5.ttf]
[www.okler.net/previews/porto-admin/4.0.0/vendor/elusive-icons/css/elusive-icons.css]
[www.okler.net/previews/porto-admin/4.0.0/vendor/elusive-icons/fonts/elusiveicons-webfont28b5.svg]
[www.okler.net/previews/porto-admin/4.0.0/vendor/simple-line-icons/fonts/Simple-Line-Iconsb26c.eot]
[www.okler.net/previews/porto-admin/4.0.0/vendor/simple-line-icons/fonts/Simple-Line-Iconsb26c.woff2]
[www.okler.net/previews/porto-admin/4.0.0/vendor/simple-line-icons/fonts/Simple-Line-Iconsb26c.ttf]
[www.okler.net/previews/porto-admin/4.0.0/vendor/simple-line-icons/fonts/Simple-Line-Iconsb26c.woff]
[www.okler.net/previews/porto-admin/4.0.0/vendor/simple-line-icons/css/simple-line-icons.css]
[www.okler.net/previews/porto-admin/4.0.0/vendor/simple-line-icons/fonts/Simple-Line-Iconsb26c.svg]
[www.okler.net/previews/porto-admin/4.0.0/vendor/meteocons/fonts/meteoconsbc3c.eot]
[www.okler.net/previews/porto-admin/4.0.0/vendor/meteocons/fonts/meteoconsd41d.eot]
[www.okler.net/previews/porto-admin/4.0.0/vendor/meteocons/fonts/meteoconsbc3c.woff]
[www.okler.net/previews/porto-admin/4.0.0/vendor/meteocons/fonts/meteoconsbc3c.ttf]
[www.okler.net/previews/porto-admin/4.0.0/vendor/meteocons/css/meteocons.css]
[www.okler.net/previews/porto-admin/4.0.0/vendor/meteocons/fonts/meteoconsbc3c.svg]
[www.okler.net/previews/porto-admin/4.0.0/ajax/img/projects/project-1.jpg]
[www.okler.net/previews/porto-admin/4.0.0/ajax/ui-elements-modals-ajax.html]
[www.okler.net/previews/porto-admin/4.0.0/ajax/ui-elements-lightbox-ajax.html]
[www.okler.net/previews/porto-admin/4.0.0/vendor/jstree/themes/default/32px.png]
[www.okler.net/previews/porto-admin/4.0.0/vendor/jstree/themes/default/throbber.gif]
[www.okler.net/previews/porto-admin/4.0.0/vendor/jstree/themes/default/40px.png]
[www.okler.net/previews/porto-admin/4.0.0/vendor/jstree/themes/default/style.css]
[www.okler.net/previews/porto-admin/4.0.0/vendor/chartist/chartist.min.css]
[www.okler.net/previews/porto-admin/4.0.0/vendor/hover/hover.css]
[www.okler.net/previews/porto-admin/4.0.0/vendor/jqvmap/jqvmap.css]
[www.okler.net/previews/porto-admin/4.0.0/vendor/bootstrap-fileupload/bootstrap-fileupload.min.css]
[www.okler.net/previews/porto-admin/4.0.0/vendor/bootstrap-tagsinput/bootstrap-tagsinput.css]
[www.okler.net/previews/porto-admin/4.0.0/vendor/bootstrap-colorpicker/css/bootstrap-colorpicker.css]
[www.okler.net/previews/porto-admin/4.0.0/vendor/bootstrap-timepicker/css/bootstrap-timepicker.css]
[www.okler.net/previews/porto-admin/4.0.0/vendor/codemirror/lib/codemirror.css]
[www.okler.net/previews/porto-admin/4.0.0/vendor/codemirror/theme/monokai.css]
[www.okler.net/previews/porto-admin/4.0.0/css/invoice-print.css]
[www.okler.net/previews/porto-admin/4.0.0/vendor/elusive-icons/fonts/elusiveicons-webfont28b5.svg]
[www.okler.net/previews/porto-admin/4.0.0/vendor/simple-line-icons/fonts/Simple-Line-Iconsb26c.svg]
[www.okler.net/previews/porto-admin/4.0.0/vendor/meteocons/fonts/meteoconsbc3c.svg]
[www.okler.net/previews/porto-admin/4.0.0/ajax/img/projects/project-1.html]
